PASS the first start asks where the library goes :: ('Where should your library go?', 'My Models', True, 'My Models · /home/runner/work/_temp/pagehome/My Models\nReady')
PASS the menu's places open :: (['Home', 'Import', 'All models', 'Unsorted', 'Starred', 'Duplicates', 'Settings'], 'Unsorted', 'Unsorted')
PASS a category (schema) is made from the menu, with its subcategory tree :: ('Wargames / Warhammer 40k / Tyranid / Model name (Author)', 'CATEGORIES', 'New category', {'created': '2026-10-10T12:40:25Z', 'fields': [{'choices': ['28mm', '32mm'], 'key': 'scale', 'label': 'Scale', 'type': 'choice'}], 'folder': 'Wargames', 'format': 1, 'id': 'wargames', 'model_folder': '{name} ({author})', 'name': 'Wargames', 'subcategories': [{'name': 'Terrain'}, {'name': 'Warhammer 40k', 'subcategories': [{'name': 'Space Marines'}, {'name': 'Tyranid'}]}]})
PASS model folders are listed under their categories :: (['Wargames3', 'Terrain0', 'Warhammer 40k3'], '2 models', ['Carnifex', 'Hive Tyrant'], 'Wargames › Warhammer 40k › Tyranid')
PASS search finds models by words and filters :: (['1 model', '2 models', '1 model', '1 model'], True)
PASS a model shows its details, parts and cover :: (['Arms/left.stl', 'Arms/right.stl', '_media/cover.png', 'body.stl', 'readme.pdf'], 'Jo Smith', True)
PASS details are saved to model.json :: {'added': '2026-10-10T12:40:29Z', 'authors': [{'name': 'Jo Smith'}], 'fields': {'scale': '32mm'}, 'format': 1, 'id': 'm1a125d43e728d437d00', 'name': 'Hive Tyrant', 'path': ['Warhammer 40k', 'Tyranid'], 'schema': 'wargames', 'source': {'url': 'https://example.com/tyrant'}, 'tags': ['monster', 'big'], 'updated': '2026-10-10T12:40:29Z'}
PASS filters find edited details; a star lasts :: (['1 model', '1 model'], ['m1a125d4418891775af8'], '1 model')
PASS a messy folder is read as it is, with models proposed, warnings, and a model.json's place used :: (['Armour Set', 'Copy of Captain', 'Hive Guard', 'Tyrant Prime', 'benchy', 'dragon'], 1, 1, '\tTyrant Prime \nSTL\n\tDownloads\t1\t7 B\t→ Wargames › Warhammer 40k › Tyranid')
PASS importing moves models into their category folders :: ('5 models moved in', [True, True, True, True, True], ['Copy of Captain', 'readme.txt'], {'added': '2026-10-10T12:40:32Z', 'authors': [{'name': 'Jo Smith'}], 'format': 1, 'id': 'm1a125d44a501b8a7ee9', 'imported_from': '/home/runner/work/_temp/pagehome/Downloads/Hive Guard (Jo Smith)', 'name': 'Hive Guard', 'path': ['Warhammer 40k', 'Tyranid'], 'schema': 'wargames', 'updated': '2026-10-10T12:40:32Z'})
PASS a model folder is copied in, the original kept :: 1 model copied in
PASS models move to a category, one or several at once :: (True, ['Gargoyle', 'benchy', 'dragon'], '1 model')
PASS a loose folder in the library is sorted from Home :: ('1 model moved in', True, '11 models, 1 unsorted')
PASS import creates the model thumbnail and the automatic card shows its picture alongside 3D previews :: (True, ['http://127.0.0.1:8790/library/~preview/922371466d08bee84d18bad103e49b84.png', 'http://127.0.0.1:8790/library/~preview/795976e676cd1f73bc126fba3483ad1c.png', 'http://127.0.0.1:8790/library/~preview/dc04c70810c3982d343070c3692f9a7e.png', 'http://127.0.0.1:8790/library/Unsorted/Knight%20Armour/photo.png?v=1791636038146-70'])
PASS Unsorted model can browse its files beside the model grid
PASS multi-model selection does not reuse a single model's files
PASS a model opens on its own page with a 3D view, parts and variants :: ('20.0 × 20.0 × 20.0 mm · 12 triangles', 'Presupported/Helmet/helmet.stl', ['Presupported*', 'Unsupported', 'All'], ['Presupported', 'Presupported/Arms', 'Presupported/Helmet'])
PASS the variant switch shows that variant's parts :: ['Unsupported', 'Unsupported/Helmet']
PASS variant folder names are set in Settings and kept in the library :: (['Presupported', 'Supported', 'Unsupported', 'No supports', 'Sized', 'Split', 'FDM', 'Resin'], ['Presupported', 'Supported', 'Unsupported', 'No supports', 'Sized', 'Split', 'Resin', 'fdm'], ['Presupported', 'FDM', 'Resin 32mm', 'Unsupported', 'All'])
PASS a ZIP's parts are listed and shown without unzipping :: ['Extras/shield.stl']
PASS a view or a picture becomes the cover; readmes show without scripts :: ('_media/cover.png', 'photo.png', '<h1>Knight Armour</h1>\n<p>Print at <strong>0.12 mm</strong>.</p>\n&lt;script&gt;window.__pwned = 1&lt;/script&gt;\n<p><a href="https://example.com">site</a> <a href="">bad</a></p>\n', 0)
PASS a model's files show as folders, a searchable list, by type and folder previews :: (['_media/cover.png', 'extras.zip', 'FDM/fdm.stl', 'photo.png', 'Presupported/Arms/arm.stl', 'Presupported/Helmet/helmet.stl', 'README.md', 'Resin 32mm/resin.stl', 'Unsupported/Helmet/helmet.stl'], ['FDM/fdm.stl', 'Presupported/Arms/arm.stl', 'Presupported/Helmet/helmet.stl', 'README.md', 'Resin 32mm/resin.stl', 'Unsupported/Helmet/helmet.stl', '_media/cover.png', 'extras.zip', 'photo.png'], ['model', 'image', 'doc', 'archive'], 1, 'type')
PASS the file panel sits left of the viewing area :: ({'x': 212, 'y': 129.40625, 'width': 300, 'height': 743.59375}, {'x': 512, 'y': 129.40625, 'width': 852, 'height': 743.59375})
PASS the file panel collapses to its rail
PASS the file panel keeps its closed state after reload
PASS the file panel keeps its resized width after reload :: 320
PASS the file panel shares a multi-selection across rows
PASS Escape clears the file selection
PASS file search filters the panel
PASS Select visible files chooses only filtered files
PASS Select entire model enables extraction without excluding complete selections
PASS Add files is discoverable on a model
PASS Send to another model has a searchable destination review
PASS the narrow file drawer starts closed
PASS Files opens the narrow drawer
PASS collapsing navigation moves Files with its attached edge :: ({'x': 212, 'y': 129.40625, 'width': 320, 'height': 743.59375}, {'x': 56, 'y': 129.40625, 'width': 320, 'height': 743.59375})
PASS expanding navigation restores the attached Files edge :: ({'x': 212, 'y': 129.40625, 'width': 320, 'height': 743.59375}, {'x': 212, 'y': 129.40625, 'width': 320, 'height': 743.59375})
PASS draft stays intact after collapsing Details
PASS Cancel leaves the model name unchanged
PASS Files, stage and Details are docked in order
PASS workspace responds to maximise, restore and panel widths :: ({'x': 532, 'y': 129.40625, 'width': 1048, 'height': 923.59375}, {'x': 532, 'y': 176.25, 'width': 152, 'height': 564.75})
PASS Details remains reachable at 800 by 600
PASS clean Details refreshes after separate Edit details dialog
PASS Undo refreshes clean Details without false draft
PASS external refresh replaces clean Details without overwrite risk
PASS dirty Details retains draft and blocks Save after refresh
PASS rebasing retains local notes and newer remote tags
PASS rebased Save preserves unrelated external metadata
PASS conflicting field is named before user resolves it
PASS Use latest discards only deliberate draft state
PASS preflight rejects changed backend data rather than overwriting it
PASS Undo preserves genuine draft, identifies conflict and blocks Save
PASS library files are served in ranges :: (206, b'Knight', 'bytes 2-7/132')
PASS Make previews draws the missing asset and the card uses a real automatic file preview :: ("Made 1 preview; 7 couldn't be drawn.", '/library/~preview/df6f87b9bbf502096bfb7a18dc3ac8f7.png')
PASS file selection opens the picture and safe readme viewers
PASS folder contents put subfolders before direct files :: ['d:_media', 'd:Presupported', 'f:extras.zip', 'f:photo.png', 'f:README.md']
PASS tiles share a multiple selection without leaving the folder :: ['f:photo.png', 'f:README.md']
PASS ZIP folders open their mesh and Backspace returns to the folder
PASS contents list headers sort by largest first
PASS folder projection keeps folders first for size and newest sorts :: {'size': ['d:Z', 'f:b.stl', 'f:a.stl'], 'newest': ['d:Z', 'f:b.stl', 'f:a.stl']}
PASS renaming a subcategory moves its folders, after a preview :: ('6 model folders move. It can be undone.\n\nWargames/Warhammer 40k/Tyranid/Armour Set → Wargames/Warhammer 40k/Tyranids/Armour Set\nWargames/Warhammer 40k/Tyranid/Carnifex (Al Jones) → Wargames/Warhammer 40k/Tyranids/Carnifex (Al Jones)\nWargames/Warhammer 40k/Tyranid/Hive Guard (Jo Smith) → Wargames/Warhammer 40k/Tyranids/Hive Guard (Jo Smith)\nWargames/Warhammer 40k/Tyranid/Hive Tyrant (Jo Smith) → Wargames/Warhammer 40k/Tyranids/Hive Tyrant (Jo Smith)\nWargames/Warhammer 40k/Tyranid/Lictor → Wargames/Warhammer 40k/Tyranids/Lictor\nWargames/Warhammer 40k/Tyranid/Tyrant Prime → Wargames/Warhammer 40k/Tyranids/Tyrant Prime', ['Armour Set', 'Carnifex (Al Jones)', 'Hive Guard (Jo Smith)', 'Hive Tyrant (Jo Smith)', 'Lictor', 'Tyrant Prime'], ['Armour Set', 'Carnifex (Al Jones)', 'Hive Guard (Jo Smith)', 'Hive Tyrant (Jo Smith)', 'Lictor', 'Tyrant Prime'], '6 models')
PASS the rename is undone from Home :: ['Warhammer 40k', 'Tyranid']
PASS a subcategory renamed to one that exists merges into it :: ['Armour Set', 'Carnifex (Al Jones)', 'Gargoyle', 'Hive Guard (Jo Smith)', 'Hive Tyrant (Jo Smith)', 'Lictor', 'Tyrant Prime', 'benchy', 'dragon']
PASS the category's tree is edited: new branches of any depth, and a moved subcategory and new top folder move its models :: (True, ['Board games', 'Terrain', 'Warhammer 40k'], '10', True, [{'name': 'Board games'}, {'name': 'Space Marines'}, {'name': 'Terrain', 'subcategories': [{'name': 'Buildings', 'subcategories': [{'name': 'Ruins'}]}]}, {'name': 'Warhammer 40k', 'subcategories': [{'name': 'Tyranid'}]}])
PASS subcategories are added at any depth, kept with no models, and deleted with Undo :: (True, True, True, ['Aeldari', 'Orks', 'Tyranid'], ['Add subcategory…', 'Edit category…', 'Rename or move…', 'Merge categories…', 'Delete subcategory…'])
PASS a subcategory with models is deleted after a list of what moves up, and Ctrl+Z puts it back :: (True, True, True)
PASS Merge categories opens an accessible multi-source review :: 11
PASS several models' details are edited at once :: [{'added': '2026-10-10T12:40:34Z', 'format': 1, 'id': 'm1a125d453df25b92f3b', 'imported_from': '/home/runner/work/_temp/pagehome/Elsewhere/Gargoyle', 'license': 'CC-BY', 'name': 'Gargoyle', 'path': ['Warhammer 40k', 'Tyranid'], 'schema': 'wargames', 'tags': ['painted', 'display'], 'updated': '2026-10-10T12:41:05Z'}, {'added': '2026-10-10T12:40:32Z', 'format': 1, 'id': 'm1a125d44a59558dbede', 'imported_from': '/home/runner/work/_temp/pagehome/Downloads/dragon.zip', 'license': 'CC-BY', 'name': 'dragon', 'path': ['Warhammer 40k', 'Tyranid'], 'schema': 'wargames', 'tags': ['painted', 'display'], 'updated': '2026-10-10T12:41:05Z'}]
PASS a tidy share comes in as it is: folders kept as subcategories, loose files grouped into one model :: (['Bag clip', 'Lamp', 'Spoon rest', 'hinge', 'latch'], ['Bag clip', 'Hinge and latch', 'Lamp', 'Spoon rest'], 4, ['Household › Bits and bobs', 'Household › Kitchen', 'Household › Kitchen › Gadgets', 'Household › Office'], '4 models moved in', [True, True, True, True, True], {'added': '2026-10-10T12:41:09Z', 'authors': [{'name': 'Jo'}], 'format': 1, 'id': 'm1a125d4dc6359713517', 'imported_from': '/home/runner/work/_temp/pagehome/NAS share/Home items/Kitchen/Spoon rest (Jo)', 'name': 'Spoon rest', 'path': ['Kitchen'], 'schema': 'household', 'updated': '2026-10-10T12:41:09Z'})
PASS folders added or moved outside the app show up by themselves; a moved model keeps its id :: ('Household/Office/Hand Moved', {'id': 'mhandmoved', 'name': 'Hand Moved', 'path': ['Office'], 'schema': 'household'})
PASS duplicates are found by their contents and an extra copy is set aside :: ('Bracket copy', 'Looked on 2026-10-10 12:41 through 22 models: 3 models have copies, 2 files are in more than one model, and about 2.2 KB could be saved.', True, 1, {'lamp.stl': {'modified': 1791636065419, 'quick': 'ccb45f2e66f97cb0ae83c8060aa5f098fe8afff068796c310c0f1d704066dd73', 'sha256': 'ccb45f2e66f97cb0ae83c8060aa5f098fe8afff068796c310c0f1d704066dd73', 'size': 1111}})
PASS setting aside is undone, or the copies deleted after asking (red) :: (True, True, True, "Recent changes\nSet aside 1 duplicate copy · 2026-10-10 12:41 · 1 model · copies deleted\nSet aside 1 duplicate copy · 2026-10-10 12:41 · 1 model · undone\nImported 4 models · 2026-10-10 12:41 · 4 models\nUndo\nEdited 2 models' details · 2026-10-10 12:41 · 2 models\nUndo\nRemoved Terrain › Buildings › Ruins (contents moved up one level) · 2026-10-10 12:41 · 1 model · undone\nRemoved Warhammer 40k › Orks (contents moved up one level) · 2026-10-10 12:41 · 0 models · undone")
PASS the details panel and the right-click menu have the same actions, in the same order :: (['Open', 'Edit details…', 'Move to category…', 'Star', 'Show in folder', 'More ▾'], ['Open', 'Edit details…', 'Move to category…', 'Star', 'Show in folder', 'Delete model…', 'Compress to ZIP…', 'Extract archive…', 'Make a new preview', 'Copy folder path'], ['Delete model…', 'Compress to ZIP…', 'Extract archive…', 'Make a new preview', 'Copy folder path'])
PASS keys select, edit, move, star and undo, and Starred counts its models :: ('p3e914bb038e2622', ['pa869acade5ac7d0'], '2 models selected', '5 models selected', 0, 'edit-name', 'Starred Benchy.', '1', ['m1a125d4418891775af8'])
PASS the details panel doesn't show a model from another place :: 0
PASS filter chips come off again, and the theme button goes back to following the system :: ('author:"Jo Smith"', ['light', 'dark', 'night', 'system'])
PASS a category's menu is on the sidebar too, and Delete category is red :: (['Add subcategory…', 'Edit category…', 'Merge categories…', 'Delete category…'], True)
PASS files with no viewer show details and open in their own app; the model page has the same row :: ('settings.ini\n\nINI · 1 B\n\nOpen externally', ['Show here', 'Open externally', 'Show in folder', 'Make a new model…', 'Send to another model…'], ['Edit details…', 'Move to category…', 'Add files…', 'Star', 'Show in folder', 'More ▾'])
PASS Import has the same right-click menu, keys and Undo, and messages don't cover its footer :: (['Edit details', 'Set category…', 'Show in folder', 'Split into models', 'Skip'], '2 models selected', 0, '\tWidget \nSTL\n\tMore\t1\t1.0 KB\t→ Household', True)
PASS Move to category shows the folders that move, and Undo in its message puts them back :: ('1 model folder moves. It can be undone.\n\nUnsorted/Dropped In → Household/Shelf/Dropped In', 'Move 1 model', 'Moved Dropped In to Household › Shelf.', True, True)
PASS Edit details is undone with Ctrl+Z :: Hand Made Two
PASS an import is undone from its results: the files go back and the workspace has them again :: (True, True, '\tGadget \nSTL\n\tUndo me\t1\t1.0 KB\t→ Household › Bits and bobs')
PASS Home undoes an older change to details while newer changes leave that model alone :: ([["Edited Knight Armour's details · 2026-10-10 12:41 · 1 model", True], ["Edited Benchy's details · 2026-10-10 12:41 · 1 model", True], ['Imported Gadget · 2026-10-10 12:41 · 1 model · undone', False], ["Edited Hand Made Two's details · 2026-10-10 12:41 · 1 model · undone", False]], [])
PASS Read again runs as a job and says what it read :: 21 models, read in 0.0 s.
PASS every page starts with the same header :: ['My Models', 'All models', 'Household', 'Knight Armour', 'Import', 'Duplicates', 'Settings']
PASS one view switcher and one sort menu, and the list's headers sort :: ([['grid', True, 'Grid', 'Grid'], ['list', True, 'List', 'List']], ['Name', 'Recently added', 'Largest first'], ['46 KB', '2.3 KB', '2.2 KB', '1.2 KB'], ['armour set', 'bag clip', 'benchy', 'benchy'])
PASS a search carried into another place says so and clears there :: ('Searching for knight · 0 found in Household\nSearch all models\nClear', 'Nothing in Household matches that search.')
PASS the details panel is changed in place with Undo; it sums up the place, and what several share :: ('5 models · 49 KB', 'Saved the authors of Knight Armour.', [{'name': 'Ann Smith'}, {'name': 'Bo Lee'}], [], 'Authors\nNone\nTags\nDifferent\nCategory\nUnsorted')
PASS Home has recently added models, what's waiting and the Library menu; the layout is in Settings :: (6, ['Show in folder', 'Read again', 'Make missing previews', 'Open another library…'], 'Waiting to be sorted\n\n5 models are in Unsorted: select them there and choose Move to category… to give them a place.')
PASS Duplicates and Import show the same details panel, and Import the same view switcher :: ('benchy', ['Open', 'Edit details…', 'Move to category…', 'Star', 'Show in folder', 'More ▾'], '1 model: 1 with no category, 0 ready to import.', True, [True, True, True, True])
PASS file types are easy to tell apart on Import: a coloured tag per type, folders marked :: ([['3mf', 'ft ft-3mf'], ['zip', 'ft ft-archive']], ['stl'], ['txt'], 1, ['color(srgb 0.888863 0.920471 0.989804)', 'color(srgb 0.881216 0.953098 0.907726)', 'color(srgb 0.989294 0.914863 0.876118)'], ['3mf', 'zip'])
PASS every folder at a level can be made a model, with Undo :: (['Arms', 'Body', 'Head', 'Legs', 'Torso', 'Wings'], 'Make every folder at this level a model (3)', 'Made 3 folders into models.', ['Dragon', 'Knight', 'Robot'], ['Arms', 'Body', 'Head', 'Legs', 'Torso', 'Wings'])
PASS a folder above a model can be chosen as the model :: (['Makers', 'Ann', '2024-02', 'Dragon'], ['Arms', 'Body', 'Dragon', 'Legs', 'Torso'])
PASS files dropped on a category page are added there as a model after asking, and Undo puts them back :: ('Drop to add it to Household › Kitchen or sort it', 'Lamp (folder)', ['Add to Household › Kitchen as a modelMoves it into the library; Undo puts it back', 'Copy to Household › Kitchen insteadThe originals stay where they are', 'Sort it on Import…Choose which folders are models first'], 'Moved Lamp into Household › Kitchen.', True, True)
PASS a dropped folder can be sorted on Import, and Import's own drop menu adds or sorts :: ('#/import', ['Add as a modelEach one is a model; give it a category here', "Sort what's in itChoose which folders are models"])
PASS Home finds loose model files inside a category :: ['Household/Kitchen/WorkspaceHook.stl', 'Household/Kitchen/WorkspaceHookLong.zip']
PASS Put in a folder keeps the category and matching companions :: {'added': '2026-10-10T12:41:50Z', 'format': 1, 'id': 'm1a125d57b73b934e0d7', 'name': 'WorkspaceHook', 'path': ['Kitchen'], 'schema': 'household', 'updated': '2026-10-10T12:41:50Z'}
PASS the wrapped model appears in its original category
PASS Recent changes undo restores every original loose file exactly
PASS Put all in folders wraps each model without taking unmatched documents
PASS selected variant folders become a new model beside the source, with Undo and Open :: (True, ['Undo', 'Open'], True)
PASS extraction Undo restores source files and sidecar exactly
PASS extraction category picker and Copy keep the source; Open opens the new model
PASS selected ZIP entries are unpacked and the ZIP stays unchanged
PASS complete selection makes a new model and retires its empty source
PASS whole-model extraction Undo restores original identity and files
PASS whole-model extraction is enabled and read-only still forbids mutation :: (True, 'The library is read-only.')
PASS Agent F preview index is deterministic for one, two, five and unknown files :: {'F card one': {'kinds': {'other': 1, 'model': 1}, 'exts': {'stl': 1}, 'bytes': 1063, 'count': 2, 'cover': None, 'explicit_cover': None, 'cover_missing': False, 'previews': [{'file': 'one.stl', 'size': 1057, 'kind': 'model', 'modified': 1791636117572}], 'previewable': 1}, 'F card two': {'kinds': {'image': 1, 'model': 1}, 'exts': {'stl': 1}, 'bytes': 1127, 'count': 2, 'cover': 'angle.png', 'explicit_cover': None, 'cover_missing': False, 'previews': [{'file': 'angle.png', 'size': 70, 'kind': 'image', 'modified': 1791636117573}, {'file': 'body.stl', 'size': 1057, 'kind': 'model', 'modified': 1791636117573}], 'previewable': 2}, 'F card five': {'kinds': {'model': 5}, 'exts': {'stl': 5}, 'bytes': 5285, 'count': 5, 'cover': None, 'explicit_cover': None, 'cover_missing': False, 'previews': [{'file': 'part0.stl', 'size': 1057, 'kind': 'model', 'modified': 1791636117573}, {'file': 'part1.stl', 'size': 1057, 'kind': 'model', 'modified': 1791636117573}, {'file': 'part2.stl', 'size': 1057, 'kind': 'model', 'modified': 1791636117574}, {'file': 'part3.stl', 'size': 1057, 'kind': 'model', 'modified': 1791636117574}], 'previewable': 5}, 'F card unknown': {'kinds': {'archive': 1, 'other': 1}, 'exts': {'7z': 1}, 'bytes': 13, 'count': 2, 'cover': None, 'explicit_cover': None, 'cover_missing': False, 'previews': [], 'previewable': 0}, 'F card mixed kinds': {'kinds': {'doc': 1, 'video': 1, 'model': 1}, 'exts': {'stl': 1}, 'bytes': 1067, 'count': 3, 'cover': None, 'explicit_cover': None, 'cover_missing': False, 'previews': [{'file': 'part.stl', 'size': 1057, 'kind': 'model', 'modified': 1791636117574}], 'previewable': 1}, 'F card all kinds': {'kinds': {'archive': 1, 'other': 1, 'doc': 1}, 'exts': {'7z': 1}, 'bytes': 16, 'count': 3, 'cover': None, 'explicit_cover': None, 'cover_missing': False, 'previews': [], 'previewable': 0}, 'F card chosen': {'kinds': {'image': 2, 'model': 1}, 'exts': {'stl': 1}, 'bytes': 1197, 'count': 3, 'cover': 'chosen.png', 'explicit_cover': 'chosen.png', 'cover_missing': False, 'previews': [{'file': 'alternative.png', 'size': 70, 'kind': 'image', 'modified': 1791636117576}, {'file': 'body.stl', 'size': 1057, 'kind': 'model', 'modified': 1791636117576}, {'file': 'chosen.png', 'size': 70, 'kind': 'image', 'modified': 1791636117576}], 'previewable': 3, 'cover_modified': 1791636117576}, 'F card missing': {'kinds': {'image': 1, 'model': 1}, 'exts': {'stl': 1}, 'bytes': 1127, 'count': 2, 'cover': 'alternative.png', 'explicit_cover': 'deleted.png', 'cover_missing': True, 'previews': [{'file': 'alternative.png', 'size': 70, 'kind': 'image', 'modified': 1791636117576}, {'file': 'body.stl', 'size': 1057, 'kind': 'model', 'modified': 1791636117576}], 'previewable': 2, 'cover_modified': 0}}
PASS Agent F grouping preserves each kind's actual counts and accurately reports overflow :: {'none': {'tiles': [{'type': 'kind', 'kind': 'other', 'count': 0, 'label': 'No files'}], 'more': 0}, 'mixed': {'tiles': [{'type': 'preview', 'item': {'file': 'part.stl', 'kind': 'model'}}, {'type': 'kind', 'kind': 'doc', 'count': 1}, {'type': 'kind', 'kind': 'video', 'count': 1}], 'more': 0}, 'full': {'tiles': [{'type': 'preview', 'item': {'file': 'part.stl', 'kind': 'model'}}, {'type': 'kind', 'kind': 'archive', 'count': 1}, {'type': 'kind', 'kind': 'doc', 'count': 1}, {'type': 'kind', 'kind': 'other', 'count': 1}], 'more': 2}}
PASS Agent F mixed file types have accurate labels and counts :: (['Document', 'Video'], ['Archive', 'Document', 'File'])
PASS Agent F author is italic and subcategory is a smaller upright breadcrumb :: {'font': 'italic', 'weight': '600', 'nameSize': 13.5, 'placeSize': 11.5, 'tooltip': 'Extremely long credited author with full details and a suffix', 'crumbs': 'Warhammer 40k › Tyranid'}
PASS Agent F explicit cover overrides the automatic composition
PASS Agent F a file addition preserves the chosen cover
PASS Agent F a missing explicitly chosen cover shows an automatic fallback
PASS Agent F restoring a missing source restores the user's chosen cover
PASS Agent F Use automatic preview removes only the metadata override
PASS Agent F Undo restores the explicit cover
PASS Agent F large grids lazily load off-screen meshes after scrolling :: (74, 0)
PASS ordinary multipage PDF has page controls and standard fit options :: ('/library/Unsorted/Agent%20C%20PDF%20QA/manual.pdf#toolbar=0&navpanes=0&page=1&view=FitH', '/library/Unsorted/Agent%20C%20PDF%20QA/manual.pdf#toolbar=0&navpanes=0&page=2&view=Fit', '/library/Unsorted/Agent%20C%20PDF%20QA/manual.pdf#toolbar=0&navpanes=0&page=2&view=FitH')
PASS a real two-page PDF in ZIP opens from a temporary blob without changing the ZIP :: blob:http://127.0.0.1:8790/95bdd433-384e-4c4f-987e-34509557f8ee#toolbar=0&navpanes=0&page=1&view=FitH
PASS a corrupt ZIP PDF reports a readable error without changing the archive :: This PDF could not be opened: That entry is not a readable PDF document.. The archive has not been changed.
PASS archive execution rejects a file added after the reviewed plan :: True
PASS Import actions are directly visible at desktop and narrow widths
PASS staging and reopening preserve edits without creating library nodes :: ['Terrain files', 'Detail']
PASS reviewed import copies grouped unknown formats and nested model folders :: (True, True, True)
PASS reviewed category import is undoable
PASS category import Undo removes only created categories and keeps originals :: {'id': 'job62', 'label': 'Undoing: Imported 2 models as categories', 'done': True, 'error': None, 'result': {'journal': 'm1a125d5bf1ac5688116', 'state': 'undone', 'moved': 2, 'failed': [], 'sort': []}, 'progress': {'item': 1, 'items': 2, 'name': 'Terrain files'}, 'started': '2026-10-10T12:42:08Z'}
PASS the library is renamed :: Minis
PASS opening a folder of models adds only the app's folders :: ['Unsorted', 'Wargames', '_library']
PASS a library opened before opens from the list :: Minis
PASS the theme follows the setting and is kept :: ('night', 'night')
PASS a newer library opens read-only :: This library was made by a newer version of Model Library (library format 99; this version reads up to 1). It's open read-only: update the app to change it.
PASS the menu is a drawer in a narrow window :: (True, True)
PASS library opens the same after moving :: ('Minis', 'Minis')
10000 models in /home/runner/work/_temp/pagehome/Big
PASS 10000 models open in seconds and search in under 100 ms :: {'models': 10000, 'first_ms': 1018, 'reopen_ms': 557, 'reopen_read': 0, 'search_us': 4356, 'search_hits': 635}
135 of 135 checks passed
