        Info Looking up installed tauri packages to check mismatched versions...
 Downloading crates ...
  Downloaded cc v1.7.0
  Downloaded serde_spanned v1.1.2
  Downloaded smallvec v1.16.3
  Downloaded tauri v2.12.2
  Downloaded toml v1.1.8+spec-1.1.0
  Downloaded toml_datetime v1.1.2+spec-1.1.0
  Downloaded toml_edit v0.25.17+spec-1.1.0
  Downloaded toml_parser v1.1.5+spec-1.1.0
  Downloaded toml_writer v1.1.3+spec-1.1.0
  Downloaded uuid v1.28.0
   Compiling smallvec v1.16.3
   Compiling syn v3.0.7
   Compiling toml_parser v1.1.5+spec-1.1.0
   Compiling toml_datetime v1.1.2+spec-1.1.0
   Compiling cfg-expr v0.15.8
   Compiling parking_lot_core v0.9.12
   Compiling serde_spanned v1.1.2
   Compiling parking_lot v0.12.5
   Compiling toml_writer v1.1.3+spec-1.1.0
   Compiling uuid v1.28.0
   Compiling string_cache v0.9.0
   Compiling toml v1.1.8+spec-1.1.0
   Compiling web_atoms v0.2.6
   Compiling cfb v0.14.0
   Compiling markup5ever v0.39.0
   Compiling infer v0.22.0
   Compiling html5ever v0.39.0
   Compiling cc v1.7.0
   Compiling toml_edit v0.25.17+spec-1.1.0
   Compiling synstructure v0.14.0
   Compiling darling_core v0.24.1
   Compiling embed-resource v3.0.12
   Compiling proc-macro-crate v3.5.0
   Compiling tauri-winres v0.3.6
   Compiling x11-dl v2.21.0
   Compiling libdbus-sys v0.2.7
   Compiling serde_derive v1.0.229
   Compiling zerofrom-derive v0.1.8
   Compiling yoke-derive v0.8.4
   Compiling zerovec-derive v0.11.6
   Compiling displaydoc v0.2.7
   Compiling zerofrom v0.1.8
   Compiling yoke v0.8.3
   Compiling thiserror-impl v2.0.21
   Compiling zerotrie v0.2.5
   Compiling zerovec v0.11.8
   Compiling darling_macro v0.24.1
   Compiling darling v0.24.1
   Compiling serde_with_macros v3.24.0
   Compiling tinystr v0.8.4
   Compiling icu_locale_core v2.3.0
   Compiling serde v1.0.229
   Compiling potential_utf v0.1.6
   Compiling icu_collections v2.3.0
   Compiling futures-macro v0.3.34
   Compiling toml_datetime v0.6.3
   Compiling serde_spanned v0.6.9
   Compiling toml_edit v0.20.2
   Compiling icu_provider v2.3.1
   Compiling futures-util v0.3.34
   Compiling cssparser-macros v0.7.1
   Compiling icu_properties v2.3.0
   Compiling icu_normalizer v2.3.0
   Compiling cssparser v0.37.0
   Compiling toml v0.8.2
   Compiling idna_adapter v1.2.2
   Compiling idna v1.1.0
   Compiling system-deps v6.2.2
   Compiling proc-macro-crate v2.0.2
   Compiling futures-executor v0.3.34
   Compiling url v2.5.8
   Compiling glib-macros v0.18.5
   Compiling glib-sys v0.18.1
   Compiling gobject-sys v0.18.0
   Compiling gio-sys v0.18.1
   Compiling gdk-sys v0.18.2
   Compiling atk-sys v0.18.2
   Compiling cairo-sys-rs v0.18.2
   Compiling pango-sys v0.18.0
   Compiling gdk-pixbuf-sys v0.18.0
   Compiling thiserror v2.0.21
   Compiling selectors v0.38.0
   Compiling jsonptr v0.7.1
   Compiling indexmap v1.9.3
   Compiling cargo-platform v0.1.9
   Compiling cargo_metadata v0.19.2
   Compiling schemars v0.8.22
   Compiling glib v0.18.5
   Compiling json-patch v4.2.0
   Compiling dom_query v0.28.0
   Compiling urlpattern v0.6.0
   Compiling gtk-sys v0.18.2
   Compiling plist v1.10.1
   Compiling serde_with v3.24.0
   Compiling tauri-utils v2.10.1
   Compiling toml_edit v0.19.15
   Compiling gio v0.18.4
   Compiling cairo-rs v0.18.5
   Compiling proc-macro-crate v1.3.1
   Compiling javascriptcore-rs-sys v1.1.1
   Compiling soup3-sys v0.5.0
   Compiling cargo_toml v1.0.1
   Compiling gtk3-macros v0.18.2
   Compiling atk v0.18.2
   Compiling tauri-build v2.7.1
   Compiling gtk v0.18.2
   Compiling webkit2gtk-sys v2.0.2
   Compiling tauri-plugin v2.7.1
   Compiling gdkx11-sys v0.18.2
   Compiling tauri v2.12.2
   Compiling dpi v0.1.2
   Compiling javascriptcore-rs v1.1.2
   Compiling zvariant_utils v4.2.0
   Compiling gdk-pixbuf v0.18.5
   Compiling pango v0.18.3
   Compiling soup3 v0.5.0
   Compiling gdk v0.18.2
   Compiling zvariant_derive v5.15.0
   Compiling wry v0.57.0
   Compiling dbus v0.9.12
   Compiling gdkx11 v0.18.2
   Compiling gdkwayland-sys v0.18.2
   Compiling tokio-macros v2.7.2
   Compiling tauri-codegen v2.7.1
   Compiling tokio v1.53.2
   Compiling tauri-plugin-fs v2.6.0
   Compiling webkit2gtk v2.0.2
   Compiling tauri-runtime v2.12.1
   Compiling tao v0.37.1
   Compiling keyboard-types v0.8.3
   Compiling zcheapstr v1.1.0
   Compiling enumflags2 v0.7.12
   Compiling serde_repr v0.1.21
   Compiling zvariant v5.15.0
   Compiling muda v0.20.0
   Compiling serialize-to-javascript v0.1.2
   Compiling tauri-runtime-wry v2.12.1
   Compiling tauri-macros v2.7.1
   Compiling zbus_names v4.3.4
   Compiling tauri-plugin-opener v2.7.0
   Compiling tauri-plugin-dialog v2.8.1
   Compiling rfd v0.16.0
   Compiling zbus_macros v5.19.0
   Compiling async-trait v0.1.92
   Compiling async-recursion v1.2.0
   Compiling zip v2.4.2
   Compiling zbus v5.19.0
   Compiling model-library v0.5.6 (/home/runner/work/Model-Library/Model-Library/desktop/src-tauri)
   Compiling modlib-core v0.5.6 (/home/runner/work/Model-Library/Model-Library/desktop/core)
warning: unused import: `BTreeMap`
 --> core/src/archive_ops.rs:8:25
  |
8 | use std::{collections::{BTreeMap, HashSet}, fs::{self, File}, io::{Read, Write}, path::{Path, PathBuf}, sync::atomic::{AtomicBool, Or...
  |                         ^^^^^^^^
  |
  = note: `#[warn(unused_imports)]` (part of `#[warn(unused)]`) on by default

warning: variable does not need to be mutable
   --> core/src/archive_ops.rs:250:13
    |
250 |         let mut entry = z.by_name(rel)?;
    |             ----^^^^^
    |             |
    |             help: remove this `mut`
    |
    = note: `#[warn(unused_mut)]` (part of `#[warn(unused)]`) on by default

warning: `modlib-core` (lib) generated 2 warnings (run `cargo fix --lib -p modlib-core` to apply 2 suggestions)
    Finished `release` profile [optimized] target(s) in 3m 06s
       Built application at: /home/runner/work/Model-Library/Model-Library/desktop/target/release/model-library
        Info Patching /home/runner/work/Model-Library/Model-Library/desktop/target/release/model-library with bundle type information: appimage
 Downloading https://github.com/tauri-apps/binary-releases/releases/download/apprun-old/AppRun-x86_64
 Downloading https://github.com/tauri-apps/binary-releases/releases/download/linuxdeploy-07333c6/linuxdeploy-x86_64.AppImage
 Downloading https://github.com/linuxdeploy/linuxdeploy-plugin-appimage/releases/download/continuous/linuxdeploy-plugin-appimage-x86_64.AppImage
    Bundling Model Library_0.5.6_amd64.AppImage (/home/runner/work/Model-Library/Model-Library/desktop/target/release/bundle/appimage/Model Library_0.5.6_amd64.AppImage)
        Info Patching /home/runner/work/Model-Library/Model-Library/desktop/target/release/model-library with bundle type information: deb
    Bundling Model Library_0.5.6_amd64.deb (/home/runner/work/Model-Library/Model-Library/desktop/target/release/bundle/deb/Model Library_0.5.6_amd64.deb)
    Finished 2 bundles at:
        /home/runner/work/Model-Library/Model-Library/desktop/target/release/bundle/appimage/Model Library_0.5.6_amd64.AppImage (81.28 MiB)
        /home/runner/work/Model-Library/Model-Library/desktop/target/release/bundle/deb/Model Library_0.5.6_amd64.deb (6.93 MiB)

