serving on http://127.0.0.1:8790/ (home /home/runner/work/_temp/pagehome)
file_preview {"id":"pf63dcfacda1daa8","file":"carnifex.3mf"}: this 3MF isn't a valid ZIP: invalid Zip archive: Could not find EOCD
file_preview {"id":"p87ff275dc59b2ae","file":"body.stl"}: no triangles in this STL
file_preview {"id":"p87ff275dc59b2ae","file":"Arms/left.stl"}: no triangles in this STL
file_preview {"id":"p87ff275dc59b2ae","file":"Arms/right.stl"}: no triangles in this STL
file_preview {"id":"p3e914bb038e2622","file":"benchy.stl"}: no triangles in this STL
model_mesh {"sort":"s8","file":"Arms/arm.stl","entry":null}: no triangles in this STL
model_mesh {"sort":"s4","file":"guard.stl","entry":null}: no triangles in this STL
model_mesh {"sort":"s6","file":"benchy.stl","entry":null}: no triangles in this STL
preview of /home/runner/work/_temp/pagehome/My Models/Wargames/Warhammer 40k/Tyranid/Hive Guard (Jo Smith): no triangles in this STL
preview of /home/runner/work/_temp/pagehome/My Models/Wargames/Warhammer 40k/Tyranid/Tyrant Prime: no triangles in this STL
preview of /home/runner/work/_temp/pagehome/My Models/Unsorted/benchy: no triangles in this STL
preview of /home/runner/work/_temp/pagehome/My Models/Wargames/Warhammer 40k/Tyranid/Armour Set: no triangles in this STL
model_mesh {"sort":"s1","file":"gargoyle.stl","entry":null}: no triangles in this STL
preview of /home/runner/work/_temp/pagehome/My Models/Unsorted/Gargoyle: no triangles in this STL
file_preview {"id":"m1a125d44a58f214d983","file":"benchy.stl"}: no triangles in this STL
file_preview {"id":"m1a125d453df25b92f3b","file":"gargoyle.stl"}: no triangles in this STL
model_mesh {"id":"m1a125d44a58f214d983","file":"benchy.stl","entry":null}: no triangles in this STL
file_preview {"id":"m1a125d453df25b92f3b","file":"gargoyle.stl"}: no triangles in this STL
file_preview {"id":"m1a125d44a5f4c52dbb6","file":"Helmet/helmet.stl"}: no triangles in this STL
file_preview {"id":"m1a125d44a58f214d983","file":"benchy.stl"}: no triangles in this STL
file_preview {"id":"mfromelsewhere","file":"prime.stl"}: no triangles in this STL
file_preview {"id":"m1a125d44a501b8a7ee9","file":"guard.stl"}: no triangles in this STL
file_preview {"id":"m1a125d44a5f4c52dbb6","file":"Arms/arm.stl"}: no triangles in this STL
model_mesh {"sort":"s2","file":"lictor.stl","entry":null}: no triangles in this STL
preview of /home/runner/work/_temp/pagehome/My Models/Wargames/Warhammer 40k/Tyranid/Lictor: no triangles in this STL
file_preview {"id":"m1a125d45c72c7c2ce12","file":"lictor.stl"}: no triangles in this STL
file_preview {"id":"m1a125d44a5f4c52dbb6","file":"Arms/arm.stl"}: no triangles in this STL
file_preview {"id":"m1a125d453df25b92f3b","file":"gargoyle.stl"}: no triangles in this STL
file_preview {"id":"m1a125d44a58f214d983","file":"benchy.stl"}: no triangles in this STL
file_preview {"id":"m1a125d44a5f4c52dbb6","file":"Helmet/helmet.stl"}: no triangles in this STL
file_preview {"id":"m1a125d45c72c7c2ce12","file":"lictor.stl"}: no triangles in this STL
file_preview {"id":"p3e914bb038e2622","file":"benchy.stl"}: no triangles in this STL
file_preview {"id":"m1a125d4418891775af8","file":"carnifex.3mf"}: this 3MF isn't a valid ZIP: invalid Zip archive: Could not find EOCD
file_preview {"id":"m1a125d43e728d437d00","file":"Arms/right.stl"}: no triangles in this STL
file_preview {"id":"mfromelsewhere","file":"prime.stl"}: no triangles in this STL
file_preview {"id":"m1a125d44a501b8a7ee9","file":"guard.stl"}: no triangles in this STL
file_preview {"id":"m1a125d43e728d437d00","file":"Arms/left.stl"}: no triangles in this STL
file_preview {"id":"m1a125d43e728d437d00","file":"body.stl"}: no triangles in this STL
file_preview {"id":"m1a125d44a5f4c52dbb6","file":"Helmet/helmet.stl"}: no triangles in this STL
file_preview {"id":"mfromelsewhere","file":"prime.stl"}: no triangles in this STL
file_preview {"id":"m1a125d45c72c7c2ce12","file":"lictor.stl"}: no triangles in this STL
file_preview {"id":"m1a125d43e728d437d00","file":"Arms/right.stl"}: no triangles in this STL
file_preview {"id":"m1a125d44a5f4c52dbb6","file":"Arms/arm.stl"}: no triangles in this STL
file_preview {"id":"m1a125d43e728d437d00","file":"Arms/left.stl"}: no triangles in this STL
file_preview {"id":"m1a125d4418891775af8","file":"carnifex.3mf"}: this 3MF isn't a valid ZIP: invalid Zip archive: Could not find EOCD
file_preview {"id":"m1a125d44a501b8a7ee9","file":"guard.stl"}: no triangles in this STL
file_preview {"id":"m1a125d43e728d437d00","file":"body.stl"}: no triangles in this STL
file_preview {"id":"m1a125d44a58f214d983","file":"benchy.stl"}: no triangles in this STL
file_preview {"id":"m1a125d453df25b92f3b","file":"gargoyle.stl"}: no triangles in this STL
file_preview {"id":"m1a125d43e728d437d00","file":"Arms/left.stl"}: no triangles in this STL
file_preview {"id":"m1a125d44a5f4c52dbb6","file":"Arms/arm.stl"}: no triangles in this STL
file_preview {"id":"m1a125d44a501b8a7ee9","file":"guard.stl"}: no triangles in this STL
file_preview {"id":"mfromelsewhere","file":"prime.stl"}: no triangles in this STL
file_preview {"id":"m1a125d43e728d437d00","file":"body.stl"}: no triangles in this STL
file_preview {"id":"m1a125d44a5f4c52dbb6","file":"Helmet/helmet.stl"}: no triangles in this STL
file_preview {"id":"m1a125d44a58f214d983","file":"benchy.stl"}: no triangles in this STL
file_preview {"id":"m1a125d43e728d437d00","file":"Arms/right.stl"}: no triangles in this STL
file_preview {"id":"m1a125d4418891775af8","file":"carnifex.3mf"}: this 3MF isn't a valid ZIP: invalid Zip archive: Could not find EOCD
file_preview {"id":"m1a125d45c72c7c2ce12","file":"lictor.stl"}: no triangles in this STL
file_preview {"id":"m1a125d453df25b92f3b","file":"gargoyle.stl"}: no triangles in this STL
file_preview {"id":"m1a125d44a5f4c52dbb6","file":"Arms/arm.stl"}: no triangles in this STL
file_preview {"id":"m1a125d44a5f4c52dbb6","file":"Helmet/helmet.stl"}: no triangles in this STL
file_preview {"id":"m1a125d44a58f214d983","file":"benchy.stl"}: no triangles in this STL
file_preview {"id":"m1a125d44a501b8a7ee9","file":"guard.stl"}: no triangles in this STL
file_preview {"id":"m1a125d4418891775af8","file":"carnifex.3mf"}: this 3MF isn't a valid ZIP: invalid Zip archive: Could not find EOCD
file_preview {"id":"m1a125d43e728d437d00","file":"Arms/right.stl"}: no triangles in this STL
file_preview {"id":"m1a125d45c72c7c2ce12","file":"lictor.stl"}: no triangles in this STL
file_preview {"id":"m1a125d43e728d437d00","file":"Arms/left.stl"}: no triangles in this STL
file_preview {"id":"m1a125d453df25b92f3b","file":"gargoyle.stl"}: no triangles in this STL
file_preview {"id":"m1a125d43e728d437d00","file":"body.stl"}: no triangles in this STL
file_preview {"id":"mfromelsewhere","file":"prime.stl"}: no triangles in this STL
file_preview {"id":"p3e914bb038e2622","file":"benchy.stl"}: no triangles in this STL
file_preview {"id":"mhandmoved","file":"moved.stl"}: No such file or directory (os error 2)
model_mesh {"id":"p3e914bb038e2622","file":"benchy.stl","entry":null}: no triangles in this STL
model_mesh {"id":"p3e914bb038e2622","file":"benchy.stl","entry":null}: no triangles in this STL
model_mesh {"id":"m1a125d52374f95582de","file":"benchy.stl","entry":null}: no triangles in this STL
file_preview {"id":"m1a125d44a5f4c52dbb6","file":"Arms/arm.stl"}: no triangles in this STL
file_preview {"id":"m1a125d43e728d437d00","file":"Arms/left.stl"}: no triangles in this STL
file_preview {"id":"m1a125d4418891775af8","file":"carnifex.3mf"}: this 3MF isn't a valid ZIP: invalid Zip archive: Could not find EOCD
file_preview {"id":"m1a125d43e728d437d00","file":"Arms/right.stl"}: no triangles in this STL
file_preview {"id":"m1a125d453df25b92f3b","file":"gargoyle.stl"}: no triangles in this STL
file_preview {"id":"m1a125d44a501b8a7ee9","file":"guard.stl"}: no triangles in this STL
file_preview {"id":"m1a125d44a5f4c52dbb6","file":"Helmet/helmet.stl"}: no triangles in this STL
file_preview {"id":"m1a125d44a58f214d983","file":"benchy.stl"}: no triangles in this STL
file_preview {"id":"m1a125d43e728d437d00","file":"body.stl"}: no triangles in this STL
model_mesh {"id":"m1a125d52374f95582de","file":"benchy.stl","entry":null}: no triangles in this STL
file_preview {"id":"mfromelsewhere","file":"prime.stl"}: no triangles in this STL
model_mesh {"sort":"s6","file":"torso.3mf","entry":null}: this 3MF isn't a valid ZIP: invalid Zip archive: Could not find EOCD
file_preview {"id":"mfromelsewhere","file":"prime.stl"}: no triangles in this STL
file_preview {"id":"m1a125d52374f95582de","file":"benchy.stl"}: no triangles in this STL
model_get {"id":"m1a125d58800ab000d89"}: That model isn't in the library any more.
file_preview {"id":"m1a125d44a5f4c52dbb6","file":"Helmet/helmet.stl"}: no triangles in this STL
file_preview {"id":"m1a125d44a5f4c52dbb6","file":"Arms/arm.stl"}: no triangles in this STL
file_preview {"id":"m1a125d52374f95582de","file":"benchy.stl"}: no triangles in this STL
file_preview {"id":"m1a125d44a58f214d983","file":"benchy.stl"}: no triangles in this STL
file_preview {"id":"m1a125d4418891775af8","file":"carnifex.3mf"}: this 3MF isn't a valid ZIP: invalid Zip archive: Could not find EOCD
file_preview {"id":"m1a125d52374f95582de","file":"benchy.stl"}: no triangles in this STL
file_preview {"id":"m1a125d52374f95582de","file":"benchy.stl"}: no triangles in this STL
model_pdf_entry {"id":"agent-c-pdf-qa","file":"bundle.zip","entry":"bad.pdf"}: That entry is not a readable PDF document.
archive_execute {"id":"agent-c-pdf-qa","action":"compress","file":"reviewed.zip","reviewed_plan":{"action":"compress","model":"Unsorted/Agent C PDF QA","model_id":"agent-c-pdf-qa","name":"PDF QA","file":"reviewed.zip","source_sha256":"","files":[{"path":"bundle.zip","sha256":"6e41afd71df6692c7a18df6762eaca92ef7d8ac215398919dddd50e615032753","size":572},{"path":"manual.pdf","sha256":"65b22a5e0a79c2ed2764cbdb4acee8fb4fce30e32ea77d9a9cd7041ff86689ef","size":863}],"output_paths":["reviewed.zip"],"files_count":2,"bytes":1435,"required_bytes":1050154,"metadata":"Content files only; model.json and generated previews remain outside the ZIP. A separate archive-manifest.json records the original model and file checksums."}}: The ZIP plan changed after review (files, hashes or destinations). Review it again before proceeding.
